[2026-03-21T01:58:21.367Z] ============================================================
[2026-03-21T01:58:21.369Z] FDA Philippines Drug Product Harvester Starting
[2026-03-21T01:58:21.369Z] ============================================================
[2026-03-21T01:58:21.369Z] Created new CSV file: fda_harvested_products.csv
[2026-03-21T01:58:21.370Z] State saved: 0 processed, 26 pending
[2026-03-21T01:58:21.370Z] Querying: A (attempt 1)
[2026-03-21T01:59:01.642Z] Error for query A: HTTP 500
[2026-03-21T01:59:01.643Z] State saved: 0 processed, 26 pending
[2026-03-21T01:59:03.146Z] Querying: B (attempt 1)
[2026-03-21T01:59:47.986Z] Query B: Found 12915 CDRR records, 12915 new added
[2026-03-21T01:59:49.494Z] Querying: C (attempt 1)
[2026-03-21T02:00:40.869Z] Error for query C: HTTP 500
[2026-03-21T02:00:42.372Z] Querying: D (attempt 1)
[2026-03-21T02:01:32.857Z] Error for query D: HTTP 500
[2026-03-21T02:01:34.360Z] Querying: E (attempt 1)
[2026-03-21T02:02:14.942Z] Error for query E: HTTP 500
[2026-03-21T02:02:16.444Z] Querying: F (attempt 1)
[2026-03-21T02:03:03.910Z] Query F: Found 10794 CDRR records, 6960 new added
[2026-03-21T02:03:05.412Z] Querying: G (attempt 1)
[2026-03-21T02:04:00.924Z] Query G: Found 6534 CDRR records, 2603 new added
[2026-03-21T02:04:02.428Z] Querying: H (attempt 1)
[2026-03-21T02:05:10.167Z] Query H: Found 14885 CDRR records, 5455 new added
[2026-03-21T02:05:11.670Z] Querying: I (attempt 1)
[2026-03-21T02:05:54.343Z] Error for query I: HTTP 500
[2026-03-21T02:05:55.845Z] Querying: J (attempt 1)
[2026-03-21T02:06:24.519Z] Query J: Found 490 CDRR records, 78 new added
[2026-03-21T02:06:26.021Z] Querying: K (attempt 1)
[2026-03-21T02:07:00.709Z] Query K: Found 2368 CDRR records, 453 new added
[2026-03-21T02:07:02.212Z] Querying: L (attempt 1)
[2026-03-21T02:07:36.116Z] Error for query L: HTTP 500
[2026-03-21T02:07:37.618Z] Querying: M (attempt 1)
[2026-03-21T02:08:12.523Z] Error for query M: HTTP 500
[2026-03-21T02:08:14.026Z] Querying: N (attempt 1)
[2026-03-21T02:08:58.623Z] Error for query N: HTTP 500
[2026-03-21T02:09:00.125Z] Querying: O (attempt 1)
[2026-03-21T02:09:43.609Z] Error for query O: HTTP 500
[2026-03-21T02:09:45.111Z] Querying: P (attempt 1)
[2026-03-21T02:10:22.430Z] Error for query P: HTTP 500
[2026-03-21T02:10:23.932Z] Querying: Q (attempt 1)
[2026-03-21T02:10:46.324Z] Query Q: Found 795 CDRR records, 75 new added
[2026-03-21T02:10:47.826Z] Querying: R (attempt 1)
[2026-03-21T02:11:38.147Z] Error for query R: HTTP 500
[2026-03-21T02:11:39.649Z] Querying: S (attempt 1)
[2026-03-21T02:12:24.500Z] Error for query S: HTTP 500
[2026-03-21T02:12:26.003Z] Querying: T (attempt 1)
[2026-03-21T02:13:13.183Z] Error for query T: HTTP 500
[2026-03-21T02:13:14.685Z] Querying: U (attempt 1)
[2026-03-21T02:14:16.779Z] Query U: Found 16059 CDRR records, 2027 new added
[2026-03-21T02:14:18.281Z] Querying: V (attempt 1)
[2026-03-21T02:15:01.625Z] Query V: Found 9938 CDRR records, 1181 new added
[2026-03-21T02:15:03.126Z] Querying: W (attempt 1)
[2026-03-21T02:15:38.725Z] Query W: Found 960 CDRR records, 44 new added
[2026-03-21T02:15:40.230Z] Querying: X (attempt 1)
[2026-03-21T02:16:11.699Z] Query X: Found 15739 CDRR records, 1073 new added
[2026-03-21T02:16:13.201Z] Querying: Y (attempt 1)
[2026-03-21T02:17:11.680Z] Query Y: Found 17426 CDRR records, 121 new added
[2026-03-21T02:17:13.183Z] Querying: Z (attempt 1)
[2026-03-21T02:17:41.309Z] Query Z: Found 7999 CDRR records, 478 new added
[2026-03-21T02:17:42.810Z] Querying: A (attempt 1)
[2026-03-21T02:18:37.147Z] Error for query A: HTTP 500
[2026-03-21T02:18:38.650Z] Querying: C (attempt 1)
[2026-03-21T02:19:23.995Z] 
Received SIGINT. Saving state and exiting gracefully...
[2026-03-21T02:19:24.010Z] State saved: 33463 processed, 12 pending

[2026-03-21T02:20:00.000Z] 
[2026-03-21T02:20:00.001Z] ============================================================
[2026-03-21T02:20:00.002Z] Resuming with drilled-down queries (2nd loop strategy)
[2026-03-21T02:20:00.003Z] Marking failed single-letter queries as completed: A, C, D, E, I, L, M, N, O, P, R, S, T
[2026-03-21T02:20:00.004Z] Starting sub-queries: AA-AZ, CA-CZ, DA-DZ, EA-EZ, IA-IZ, LA-LZ, MA-MZ, NA-NZ, OA-OZ, PA-PZ, RA-RZ, SA-SZ, TA-TZ
[2026-03-21T02:20:00.005Z] Queue size: 312 queries
[2026-03-21T02:20:00.006Z] ============================================================
[2026-03-21T02:30:11.257Z] ============================================================
[2026-03-21T02:30:11.258Z] FDA Philippines Drug Product Harvester Starting
[2026-03-21T02:30:11.258Z] ============================================================
[2026-03-21T02:30:11.261Z] Resumed from save point: 33463 records processed
[2026-03-21T02:30:11.265Z] State saved: 33463 processed, 12 pending
[2026-03-21T02:30:11.268Z] State saved: 33463 processed, 0 pending
[2026-03-21T02:30:11.268Z] ============================================================
[2026-03-21T02:30:11.268Z] Harvest complete! Total records: 33463
[2026-03-21T02:30:11.268Z] CSV file: fda_harvested_products.csv
[2026-03-21T02:30:11.268Z] State file: fda_harvester_state.json
[2026-03-21T02:30:11.268Z] ============================================================
[2026-03-21T02:31:57.362Z] ============================================================
[2026-03-21T02:31:57.363Z] FDA Philippines Drug Product Harvester Starting
[2026-03-21T02:31:57.363Z] ============================================================
[2026-03-21T02:31:57.366Z] Resumed from save point: 33463 records processed
[2026-03-21T02:31:57.372Z] State saved: 33463 processed, 13 pending
[2026-03-21T02:31:57.372Z] Querying: A (attempt 1)
[2026-03-21T02:32:46.824Z] Error for query A: HTTP 500
[2026-03-21T02:32:46.825Z] Drilling down on error: A -> [AZ, AY, AX, AW, AV, AU, AT, AS, AR, AQ, AP, AO, AN, AM, AL, AK, AJ, AI, AH, AG, AF, AE, AD, AC, AB, AA]
[2026-03-21T02:32:48.328Z] Querying: AA (attempt 1)
[2026-03-21T02:32:59.528Z] Query AA: Found 46 CDRR records, 0 new added
[2026-03-21T02:33:01.032Z] Querying: AB (attempt 1)
[2026-03-21T02:33:21.595Z] Query AB: Found 1417 CDRR records, 0 new added
[2026-03-21T02:33:23.102Z] Querying: AC (attempt 1)
[2026-03-21T02:34:01.336Z] Query AC: Found 8352 CDRR records, 178 new added
[2026-03-21T02:34:02.838Z] Querying: AD (attempt 1)
[2026-03-21T02:34:29.789Z] Query AD: Found 1464 CDRR records, 47 new added
[2026-03-21T02:34:31.291Z] Querying: AE (attempt 1)
[2026-03-21T02:34:43.950Z] Query AE: Found 258 CDRR records, 2 new added
[2026-03-21T02:34:43.958Z] State saved: 33690 processed, 33 pending
[2026-03-21T02:34:45.461Z] Querying: AF (attempt 1)
[2026-03-21T02:35:06.926Z] Query AF: Found 791 CDRR records, 0 new added
[2026-03-21T02:35:06.928Z] State saved: 33690 processed, 32 pending
[2026-03-21T02:35:08.431Z] Querying: AG (attempt 1)
[2026-03-21T02:35:32.280Z] Query AG: Found 1392 CDRR records, 0 new added
[2026-03-21T02:35:32.282Z] State saved: 33690 processed, 31 pending
[2026-03-21T02:35:33.783Z] Querying: AH (attempt 1)
[2026-03-21T02:35:47.564Z] Query AH: Found 357 CDRR records, 0 new added
[2026-03-21T02:35:47.568Z] State saved: 33690 processed, 30 pending
[2026-03-21T02:35:49.070Z] Querying: AI (attempt 1)
[2026-03-21T02:36:11.144Z] Query AI: Found 826 CDRR records, 1 new added
[2026-03-21T02:36:12.646Z] Querying: AJ (attempt 1)
[2026-03-21T02:36:26.299Z] Query AJ: Found 44 CDRR records, 0 new added
[2026-03-21T02:36:27.802Z] Querying: AK (attempt 1)
[2026-03-21T02:36:43.715Z] Query AK: Found 179 CDRR records, 0 new added
[2026-03-21T02:36:45.217Z] Querying: AL (attempt 1)
[2026-03-21T02:37:29.664Z] Query AL: Found 7213 CDRR records, 43 new added
[2026-03-21T02:37:31.165Z] Querying: AM (attempt 1)
[2026-03-21T02:37:59.726Z] Query AM: Found 10209 CDRR records, 40 new added
[2026-03-21T02:38:01.228Z] Querying: AN (attempt 1)
[2026-03-21T02:38:43.829Z] Query AN: Found 7010 CDRR records, 123 new added
[2026-03-21T02:38:45.331Z] Querying: AO (attempt 1)
[2026-03-21T02:38:57.431Z] Query AO: Found 13 CDRR records, 0 new added
[2026-03-21T02:38:58.932Z] Querying: AP (attempt 1)
[2026-03-21T02:39:18.018Z] Query AP: Found 2315 CDRR records, 12 new added
[2026-03-21T02:39:19.518Z] Querying: AQ (attempt 1)
[2026-03-21T02:39:30.117Z] Query AQ: Found 39 CDRR records, 0 new added
[2026-03-21T02:39:31.619Z] Querying: AR (attempt 1)
[2026-03-21T02:40:17.100Z] Query AR: Found 6196 CDRR records, 36 new added
[2026-03-21T02:40:18.603Z] Querying: AS (attempt 1)
[2026-03-21T02:40:49.082Z] Query AS: Found 13696 CDRR records, 21 new added
[2026-03-21T02:40:50.584Z] Querying: AT (attempt 1)
[2026-03-21T02:41:33.386Z] Query AT: Found 11101 CDRR records, 26 new added
[2026-03-21T02:41:34.888Z] Querying: AU (attempt 1)
[2026-03-21T02:41:59.111Z] Query AU: Found 140 CDRR records, 0 new added
[2026-03-21T02:42:00.613Z] Querying: AV (attempt 1)
[2026-03-21T02:42:22.631Z] Query AV: Found 1536 CDRR records, 0 new added
[2026-03-21T02:42:24.135Z] Querying: AW (attempt 1)
[2026-03-21T02:42:44.152Z] Query AW: Found 63 CDRR records, 0 new added
[2026-03-21T02:42:45.654Z] Querying: AX (attempt 1)
[2026-03-21T02:42:57.753Z] Query AX: Found 2009 CDRR records, 0 new added
[2026-03-21T02:42:59.256Z] Querying: AY (attempt 1)
[2026-03-21T02:43:19.109Z] Query AY: Found 154 CDRR records, 0 new added
[2026-03-21T02:43:20.611Z] Querying: AZ (attempt 1)
[2026-03-21T02:43:35.663Z] Query AZ: Found 4082 CDRR records, 0 new added
[2026-03-21T02:43:37.164Z] Querying: C (attempt 1)
[2026-03-21T02:44:32.740Z] Error for query C: HTTP 500
[2026-03-21T02:44:32.741Z] Drilling down on error: C -> [CZ, CY, CX, CW, CV, CU, CT, CS, CR, CQ, CP, CO, CN, CM, CL, CK, CJ, CI, CH, CG, CF, CE, CD, CC, CB, CA]
[2026-03-21T02:44:34.242Z] Querying: CA (attempt 1)
[2026-03-21T02:45:11.204Z] Query CA: Found 4184 CDRR records, 0 new added
[2026-03-21T02:45:12.706Z] Querying: CB (attempt 1)
[2026-03-21T02:45:24.848Z] Query CB: Found 26 CDRR records, 0 new added
[2026-03-21T02:45:26.350Z] Querying: CC (attempt 1)
[2026-03-21T02:45:47.300Z] Query CC: Found 874 CDRR records, 0 new added
[2026-03-21T02:45:48.801Z] Querying: CD (attempt 1)
[2026-03-21T02:46:28.537Z] Query CD: Found 46 CDRR records, 0 new added
[2026-03-21T02:46:30.039Z] Querying: CE (attempt 1)
[2026-03-21T02:46:59.339Z] Query CE: Found 5929 CDRR records, 0 new added
[2026-03-21T02:47:00.840Z] Querying: CF (attempt 1)
[2026-03-21T02:47:17.027Z] Query CF: Found 17 CDRR records, 0 new added
[2026-03-21T02:47:18.529Z] Querying: CG (attempt 1)
[2026-03-21T02:47:28.608Z] Query CG: Found 40 CDRR records, 0 new added
[2026-03-21T02:47:30.110Z] Querying: CH (attempt 1)
[2026-03-21T02:47:56.758Z] Query CH: Found 6623 CDRR records, 0 new added
[2026-03-21T02:47:58.261Z] Querying: CI (attempt 1)
[2026-03-21T02:48:23.762Z] Query CI: Found 9213 CDRR records, 6 new added
[2026-03-21T02:48:25.265Z] Querying: CJ (attempt 1)
[2026-03-21T02:48:35.062Z] Drilling down: CJ -> [CJZ, CJY, CJX, CJW, CJV, CJU, CJT, CJS, CJR, CJQ, CJP, CJO, CJN, CJM, CJL, CJK, CJJ, CJI, CJH, CJG, CJF, CJE, CJD, CJC, CJB, CJA]
[2026-03-21T02:48:36.563Z] Querying: CJA (attempt 1)
[2026-03-21T02:48:46.112Z] Drilling down: CJA -> [CJAZ, CJAY, CJAX, CJAW, CJAV, CJAU, CJAT, CJAS, CJAR, CJAQ, CJAP, CJAO, CJAN, CJAM, CJAL, CJAK, CJAJ, CJAI, CJAH, CJAG, CJAF, CJAE, CJAD, CJAC, CJAB, CJAA]
[2026-03-21T02:48:47.614Z] Querying: CJAA (attempt 1)
[2026-03-21T02:48:58.869Z] Querying: CJAB (attempt 1)
[2026-03-21T02:49:10.202Z] Querying: CJAC (attempt 1)
[2026-03-21T02:49:21.736Z] Querying: CJAD (attempt 1)
[2026-03-21T02:49:33.110Z] Querying: CJAE (attempt 1)
[2026-03-21T02:49:44.266Z] Querying: CJAF (attempt 1)
[2026-03-21T02:49:55.492Z] Querying: CJAG (attempt 1)
[2026-03-21T02:50:07.391Z] Querying: CJAH (attempt 1)
[2026-03-21T02:50:18.433Z] Querying: CJAI (attempt 1)
[2026-03-21T02:50:29.326Z] Querying: CJAJ (attempt 1)
[2026-03-21T02:50:40.954Z] Querying: CJAK (attempt 1)
[2026-03-21T02:50:51.912Z] Querying: CJAL (attempt 1)
[2026-03-21T02:51:02.968Z] Querying: CJAM (attempt 1)
[2026-03-21T02:51:13.871Z] Querying: CJAN (attempt 1)
[2026-03-21T02:51:24.650Z] Querying: CJAO (attempt 1)
[2026-03-21T02:51:35.759Z] Querying: CJAP (attempt 1)
[2026-03-21T02:51:47.120Z] Querying: CJAQ (attempt 1)
[2026-03-21T02:51:58.484Z] Querying: CJAR (attempt 1)
[2026-03-21T02:52:09.404Z] Querying: CJAS (attempt 1)
[2026-03-21T02:52:20.353Z] Querying: CJAT (attempt 1)
[2026-03-21T02:52:31.540Z] Querying: CJAU (attempt 1)
[2026-03-21T02:52:42.939Z] Querying: CJAV (attempt 1)
[2026-03-21T02:52:54.003Z] Querying: CJAW (attempt 1)
[2026-03-21T02:53:05.204Z] Querying: CJAX (attempt 1)
[2026-03-21T02:53:14.058Z] 
Received SIGINT. Saving state and exiting gracefully...
[2026-03-21T02:53:14.061Z] State saved: 33998 processed, 54 pending
[2026-03-21T03:05:51.437Z] ============================================================
[2026-03-21T03:05:51.439Z] FDA Philippines Drug Product Harvester Starting
[2026-03-21T03:05:51.439Z] ============================================================
[2026-03-21T03:05:51.443Z] Resumed from save point: 33998 records processed
[2026-03-21T03:05:51.449Z] State saved: 33998 processed, 27 pending
[2026-03-21T03:05:51.450Z] Querying: CK (attempt 1)
[2026-03-21T03:06:11.430Z] Query CK: Found 108 CDRR records, 0 new added
[2026-03-21T03:06:12.933Z] Querying: CL (attempt 1)
[2026-03-21T03:06:30.149Z] Query CL: Found 2978 CDRR records, 2 new added
[2026-03-21T03:06:30.151Z] State saved: 34000 processed, 25 pending
[2026-03-21T03:06:31.653Z] Querying: CM (attempt 1)
[2026-03-21T03:06:43.298Z] Query CM: Found 20 CDRR records, 0 new added
[2026-03-21T03:06:43.303Z] State saved: 34000 processed, 24 pending
[2026-03-21T03:06:44.804Z] Querying: CN (attempt 1)
[2026-03-21T03:06:54.663Z] Query CN: Found 23 CDRR records, 0 new added
[2026-03-21T03:06:54.668Z] State saved: 34000 processed, 23 pending
[2026-03-21T03:06:56.170Z] Querying: CO (attempt 1)
[2026-03-21T03:07:37.478Z] Query CO: Found 5959 CDRR records, 10 new added
[2026-03-21T03:07:37.480Z] State saved: 34010 processed, 22 pending
[2026-03-21T03:07:38.981Z] Querying: CP (attempt 1)
[2026-03-21T03:07:53.683Z] Query CP: Found 63 CDRR records, 0 new added
[2026-03-21T03:07:53.685Z] State saved: 34010 processed, 21 pending
[2026-03-21T03:07:55.187Z] Querying: CQ (attempt 1)
[2026-03-21T03:08:05.277Z] Query CQ: Found 4 CDRR records, 0 new added
[2026-03-21T03:08:05.281Z] State saved: 34010 processed, 20 pending
[2026-03-21T03:08:06.783Z] Querying: CR (attempt 1)
[2026-03-21T03:08:32.214Z] Query CR: Found 425 CDRR records, 0 new added
[2026-03-21T03:08:32.216Z] State saved: 34010 processed, 19 pending
[2026-03-21T03:08:33.718Z] Querying: CS (attempt 1)
[2026-03-21T03:08:50.110Z] Query CS: Found 39 CDRR records, 0 new added
[2026-03-21T03:08:50.113Z] State saved: 34010 processed, 18 pending
[2026-03-21T03:08:51.615Z] Querying: CT (attempt 1)
[2026-03-21T03:09:15.189Z] Query CT: Found 1845 CDRR records, 0 new added
[2026-03-21T03:09:15.192Z] State saved: 34010 processed, 17 pending
[2026-03-21T03:09:16.694Z] Querying: CU (attempt 1)
[2026-03-21T03:09:33.600Z] Query CU: Found 401 CDRR records, 0 new added
[2026-03-21T03:09:33.603Z] State saved: 34010 processed, 16 pending
[2026-03-21T03:09:35.104Z] Querying: CV (attempt 1)
[2026-03-21T03:09:46.118Z] Query CV: Found 76 CDRR records, 0 new added
[2026-03-21T03:09:46.123Z] State saved: 34010 processed, 15 pending
[2026-03-21T03:09:47.624Z] Querying: CW (attempt 1)
[2026-03-21T03:09:57.183Z] State saved: 34010 processed, 14 pending
[2026-03-21T03:09:58.685Z] Querying: CX (attempt 1)
[2026-03-21T03:10:08.703Z] Query CX: Found 17 CDRR records, 0 new added
[2026-03-21T03:10:08.706Z] State saved: 34010 processed, 13 pending
[2026-03-21T03:10:10.208Z] Querying: CY (attempt 1)
[2026-03-21T03:10:36.869Z] Query CY: Found 1186 CDRR records, 0 new added
[2026-03-21T03:10:36.872Z] State saved: 34010 processed, 12 pending
[2026-03-21T03:10:38.374Z] Querying: CZ (attempt 1)
[2026-03-21T03:10:47.792Z] Query CZ: Found 30 CDRR records, 0 new added
[2026-03-21T03:10:47.798Z] State saved: 34010 processed, 11 pending
[2026-03-21T03:10:49.300Z] Querying: D (attempt 1)
[2026-03-21T03:11:35.690Z] Error for query D: HTTP 500
[2026-03-21T03:11:35.692Z] Drilling down on error: D -> [DZ, DY, DX, DW, DV, DU, DT, DS, DR, DQ, DP, DO, DN, DM, DL, DK, DJ, DI, DH, DG, DF, DE, DD, DC, DB, DA]
[2026-03-21T03:11:35.697Z] State saved: 34010 processed, 36 pending
[2026-03-21T03:11:37.199Z] Querying: DA (attempt 1)
[2026-03-21T03:12:00.752Z] Query DA: Found 1291 CDRR records, 0 new added
[2026-03-21T03:12:00.753Z] State saved: 34010 processed, 35 pending
[2026-03-21T03:12:02.255Z] Querying: DB (attempt 1)
[2026-03-21T03:12:12.295Z] Query DB: Found 15 CDRR records, 0 new added
[2026-03-21T03:12:12.300Z] State saved: 34010 processed, 34 pending
[2026-03-21T03:12:13.802Z] Querying: DC (attempt 1)
[2026-03-21T03:12:24.116Z] Query DC: Found 65 CDRR records, 0 new added
[2026-03-21T03:12:24.120Z] State saved: 34010 processed, 33 pending
[2026-03-21T03:12:25.621Z] Querying: DD (attempt 1)
[2026-03-21T03:12:37.814Z] Query DD: Found 27 CDRR records, 0 new added
[2026-03-21T03:12:37.817Z] State saved: 34010 processed, 32 pending
[2026-03-21T03:12:39.319Z] Querying: DE (attempt 1)
[2026-03-21T03:13:11.023Z] Query DE: Found 9286 CDRR records, 4 new added
[2026-03-21T03:13:12.524Z] Querying: DF (attempt 1)
[2026-03-21T03:13:25.274Z] Query DF: Found 16 CDRR records, 0 new added
[2026-03-21T03:13:26.776Z] Querying: DG (attempt 1)
[2026-03-21T03:13:37.200Z] Query DG: Found 25 CDRR records, 0 new added
[2026-03-21T03:13:38.701Z] Querying: DH (attempt 1)
[2026-03-21T03:13:48.953Z] Query DH: Found 35 CDRR records, 0 new added
[2026-03-21T03:13:50.457Z] Querying: DI (attempt 1)
[2026-03-21T03:14:25.179Z] Query DI: Found 8334 CDRR records, 4 new added
[2026-03-21T03:14:26.681Z] Querying: DJ (attempt 1)
[2026-03-21T03:14:36.645Z] Query DJ: Found 10 CDRR records, 0 new added
[2026-03-21T03:14:38.147Z] Querying: DK (attempt 1)
[2026-03-21T03:14:48.572Z] Query DK: Found 1 CDRR records, 0 new added
[2026-03-21T03:14:50.074Z] Querying: DL (attempt 1)
[2026-03-21T03:15:04.846Z] Query DL: Found 78 CDRR records, 0 new added
[2026-03-21T03:15:06.348Z] Querying: DM (attempt 1)
[2026-03-21T03:15:22.754Z] Query DM: Found 43 CDRR records, 2 new added
[2026-03-21T03:15:22.756Z] State saved: 34020 processed, 23 pending
[2026-03-21T03:15:24.258Z] Querying: DN (attempt 1)
[2026-03-21T03:15:35.697Z] Query DN: Found 293 CDRR records, 11 new added
[2026-03-21T03:15:37.199Z] Querying: DO (attempt 1)
[2026-03-21T03:15:57.920Z] Query DO: Found 2510 CDRR records, 27 new added
[2026-03-21T03:15:59.422Z] Querying: DP (attempt 1)
[2026-03-21T03:16:09.683Z] Query DP: Found 37 CDRR records, 0 new added
[2026-03-21T03:16:11.185Z] Querying: DQ (attempt 1)
[2026-03-21T03:16:23.920Z] Querying: DR (attempt 1)
[2026-03-21T03:17:18.641Z] Query DR: Found 30848 CDRR records, 29 new added
[2026-03-21T03:17:20.144Z] Querying: DS (attempt 1)
[2026-03-21T03:17:53.155Z] Query DS: Found 551 CDRR records, 0 new added
[2026-03-21T03:17:54.656Z] Querying: DT (attempt 1)
[2026-03-21T03:18:07.446Z] Query DT: Found 54 CDRR records, 0 new added
[2026-03-21T03:18:08.949Z] Querying: DU (attempt 1)
[2026-03-21T03:18:31.099Z] Query DU: Found 352 CDRR records, 0 new added
[2026-03-21T03:18:32.601Z] Querying: DV (attempt 1)
[2026-03-21T03:18:49.823Z] Query DV: Found 118 CDRR records, 0 new added
[2026-03-21T03:18:51.325Z] Querying: DW (attempt 1)
[2026-03-21T03:19:07.454Z] Query DW: Found 5 CDRR records, 0 new added
[2026-03-21T03:19:08.956Z] Querying: DX (attempt 1)
[2026-03-21T03:19:20.198Z] Query DX: Found 9 CDRR records, 0 new added
[2026-03-21T03:19:21.700Z] Querying: DY (attempt 1)
[2026-03-21T03:19:34.609Z] Query DY: Found 213 CDRR records, 0 new added
[2026-03-21T03:19:36.111Z] Querying: DZ (attempt 1)
[2026-03-21T03:19:45.826Z] Query DZ: Found 55 CDRR records, 0 new added
[2026-03-21T03:19:47.327Z] Querying: E (attempt 1)
[2026-03-21T03:20:29.366Z] Error for query E: HTTP 500
[2026-03-21T03:20:29.367Z] Drilling down on error: E -> [EZ, EY, EX, EW, EV, EU, ET, ES, ER, EQ, EP, EO, EN, EM, EL, EK, EJ, EI, EH, EG, EF, EE, ED, EC, EB, EA]
[2026-03-21T03:20:30.869Z] Querying: EA (attempt 1)
[2026-03-21T03:20:56.714Z] Query EA: Found 1360 CDRR records, 0 new added
[2026-03-21T03:20:58.217Z] Querying: EB (attempt 1)
[2026-03-21T03:21:16.299Z] Query EB: Found 458 CDRR records, 0 new added
[2026-03-21T03:21:17.801Z] Querying: EC (attempt 1)
[2026-03-21T03:21:37.092Z] Query EC: Found 1934 CDRR records, 0 new added
[2026-03-21T03:21:38.594Z] Querying: ED (attempt 1)
[2026-03-21T03:22:06.667Z] Query ED: Found 3388 CDRR records, 0 new added
[2026-03-21T03:22:08.168Z] Querying: EE (attempt 1)
[2026-03-21T03:22:28.008Z] Query EE: Found 764 CDRR records, 0 new added
[2026-03-21T03:22:29.511Z] Querying: EF (attempt 1)
[2026-03-21T03:22:46.209Z] Query EF: Found 2711 CDRR records, 0 new added
[2026-03-21T03:22:47.710Z] Querying: EG (attempt 1)
[2026-03-21T03:23:05.892Z] Query EG: Found 627 CDRR records, 0 new added
[2026-03-21T03:23:07.394Z] Querying: EH (attempt 1)
[2026-03-21T03:23:20.067Z] Query EH: Found 84 CDRR records, 0 new added
[2026-03-21T03:23:21.569Z] Querying: EI (attempt 1)
[2026-03-21T03:23:39.880Z] Query EI: Found 620 CDRR records, 0 new added
[2026-03-21T03:23:41.382Z] Querying: EJ (attempt 1)
[2026-03-21T03:23:53.009Z] Query EJ: Found 28 CDRR records, 0 new added
[2026-03-21T03:23:54.512Z] Querying: EK (attempt 1)
[2026-03-21T03:24:05.729Z] Query EK: Found 126 CDRR records, 0 new added
[2026-03-21T03:24:07.230Z] Querying: EL (attempt 1)
[2026-03-21T03:24:32.515Z] Query EL: Found 3154 CDRR records, 0 new added
[2026-03-21T03:24:34.017Z] Querying: EM (attempt 1)
